--------------------------------------------------------------
Verification summary:

Query(ies):
 - Query not (event(ServerID(idS,kem_ss_4)) && event(ClientID(idXS,kem_ss_4))) is false.
 - Query not event(Accepted((pat_6,kat_4))) is false.
 - Query not event(Appraised(log)) is false.
 - Query not event(ClientConn((pat_6,kat_4))) is false.
 - Query not event(ClientFinished(pubTSK_10,psk_4,cr_6,sr_6,offer_4,mode_4,kc_14,ks_14,ems_14,rms_8)) is false.
 - Query not event(ClientFinRecentAgr(ID_S_8,ID_C_3,pubTSK_10,psk_4,offer_4,mode_4,kc_14,ks_14,ems_14,rms_8,cr_6,sr_6)) is false.
 - Query not event(ServerFinished(cr_6,sr_6,psk_4,pubTSK_10,offer_4,mode_4,kc_14,ks_14,ems_14,rms_8)) is false.
 - Query not event(ClientRANew(NULL_ID,NULL_pubkey,pubAK_8,pubKAK_14,pubTSK_10,pubVOK_1,dev_state,(pat_6,kat_4))) is false.
 - Query not event(ClientFin1WayAgr(ID_S_8,pubTSK_10,psk_4,offer_4,mode_4,kc_14,ks_14,ems_14,rms_8)) is false.
 - Query not event(ProvisionedTargetEnv(ID_S_8,pubAK_8,pubTSK_10,dev_state)) is false.
 - Query not event(ClientStateEvKc((pat_6,kat_4),kc_14)) is false.
 - Query not event(AcceptedRdata(dev_state)) is false.
 - Query not event(EvidenceOracle(pubKAK_14,dev_state,pat_6)) is false.
 - Query not event(ServerAssertsProvenance(cr_6,sr_6,ev_attr)) is false.
 - Query not event(ClientAcceptsProvenance(cr_6,sr_6,ev_attr,pubKAK_14)) is false.
 - Query event(ClientReceivesAppData(ID,pubTSK_10,pubKAK_14,cr_6,sr_6,req_ctx_8,ems_14,ks_14,kc_14,dev_state,app_msg_2)) && event(ServerSendsAppData(ID,pubTSK_10,pubKAK_14,cr_6,sr_6,req_ctx_8,ems_14,ks_14,kc_14,dev_state,app_msg_2)) && event(ProvisionedTargetEnv(ID,pubAK_8,pubTSK_10,dev_state)) ==> event(ClientAcceptsProvenance(cr_6,sr_6,ExternalOrUntrusted,pubKAK_14)) || event(ServerAssertsProvenance(cr_6,sr_6,ExternalOrUntrusted)) || event(ClientAcceptsKEM(cr_6,WeakKEM)) || event(ClientAcceptsHash(cr_6,WeakHash)) || event(LeakedAK(pubAK_8)) || event(LeakedTSK(pubTSK_10)) || event(LeakedKAK(pubKAK_14)) || event(CompromisedCA(pubCA_1)) || event(CompromisedCSP(pubCSP_1)) || event(UncheckedPolicies(pubVOK_1)) || event(EvidenceOracle(pubKAK_14,dev_state,pat_6)) is false.
 - Query event(ClientRANew(NULL_ID,NULL_pubkey,pubAK_8,pubKAK_14,pubTSK_10,pubVOK_1,dev_state,(pat_6,kat_4))) && event(ClientFinRecentAgr(ID,ID_C_3,pubTSK_10,psk_4,offer_4,mode_4,kc_14,ks_14,ems_14,rms_8,cr_6,sr_6)) && event(ClientStateEvKc((pat_6,kat_4),kc_14)) && event(ProvisionedTargetEnv(ID,pubAK_8,pubTSK_10,dev_state)) ==> event(ClientAcceptsProvenance(cr_6,sr_6,ExternalOrUntrusted,pubKAK_14)) || event(ServerAssertsProvenance(cr_6,sr_6,ExternalOrUntrusted)) || event(ClientAcceptsKEM(cr_6,WeakKEM)) || event(ClientAcceptsHash(cr_6,WeakHash)) || event(LeakedAK(pubAK_8)) || event(LeakedTSK(pubTSK_10)) || event(LeakedKAK(pubKAK_14)) || event(CompromisedCA(pubCA_1)) || event(CompromisedCSP(pubCSP_1)) || event(UncheckedPolicies(pubVOK_1)) || event(EvidenceOracle(pubKAK_14,dev_state,pat_6)) is false.
 - Query not (event(ClientStateEv(ev,kem_ss_4)) && event(ServerStateEv(ev,kem_ss_4))) is false.
 - Query not (event(ClientStateEvKch(ev,kch_8)) && event(ServerStateEvKch(ev,kch_8))) is false.
 - Query not (event(ClientStateEvKc(ev,kc_14)) && event(ServerStateEvKc(ev,kc_14))) is false.
 - Query not (event(ClientComp(ID,psk_4,offer_4,mode_4,kc_14,ks_14,ems_14,rms_8,cr_6,sr_6,pubTSK_10,dev_state)) && event(ClientStateEvKc((pat_6,kat_4),kc_14)) && event(PreServerComp(ID,psk_4,offer_4,mode_4,kc_14,ks_14,ems_14,cr_6,sr_6,pubTSK_10,dev_state)) && event(ServerStateEvKc((pat_6,kat_4),kc_14))) is false.
 - Query event(ClientStateEv(ev,kem_ss1)) && event(ServerStateEv(ev,kem_ss2)) ==> kem_ss1 = kem_ss2 is true.
 - Query event(ClientStateEvKch(ev,kch1)) && event(ServerStateEvKch(ev,kch2)) ==> kch1 = kch2 is true.
 - Query event(ClientStateEvKc(ev,kc1)) && event(ServerStateEvKc(ev,kc2)) ==> kc1 = kc2 is true.
 - Query event(ClientComp(ID,psk_4,offer_4,mode_4,kc1,ks_14,ems_14,rms_8,cr_6,sr_6,pubTSK_10,dev_state)) && event(ClientStateEvKc(ev1,kc1)) && event(PreServerComp(ID,psk_4,offer_4,mode_4,kc2,ks_14,ems_14,cr_6,sr_6,pubTSK_10,dev_state)) && event(ServerStateEvKc(ev2,kc2)) ==> (kc1,ev1) = (kc2,ev2) is true.
 - Query event(ClientID(ID1,kem_ss_4)) && event(ClientStateEv(ev,kem_ss_4)) && event(ClientStateEvKc(ev,kc1)) && event(ServerID(ID2,kem_ss_4)) && event(ServerStateEv(ev,kem_ss_4)) && event(ServerStateEvKc(ev,kc2)) ==> (ID1,kc1) = (ID2,kc2) is true.
 - Query not (event(EvidenceOracle(pubKAK_14,dev_state,pat_6)) && event(ClientRANew(NULL_ID,NULL_pubkey,pubAK_8,pubKAK_14,pubTSK_10,pubVOK_1,dev_state,(pat_6,kat_4))) && event(ClientFinRecentAgr(ID,ID_C_3,pubTSK_10,psk_4,offer_4,mode_4,kc_14,ks_14,ems_14,rms_8,cr_6,sr_6)) && event(ClientStateEvKc((pat_6,kat_4),kc_14)) && event(ProvisionedTargetEnv(ID,pubAK_8,pubTSK_10,dev_state)) && event(ClientAcceptsProvenance(cr_6,sr_6,TrustedNonExportable,pubKAK_14))) is true.
 - Query not (event(EvidenceOracle(pubKAK_14,dev_state,pat_6)) && event(ClientRANew(NULL_ID,NULL_pubkey,pubAK_8,pubKAK_14,pubTSK_10,pubVOK_1,dev_state,(pat_6,kat_4))) && event(ClientFinRecentAgr(ID,ID_C_3,pubTSK_10,psk_4,offer_4,mode_4,kc_14,ks_14,ems_14,rms_8,cr_6,sr_6)) && event(ClientStateEvKc((pat_6,kat_4),kc_14)) && event(ProvisionedTargetEnv(ID,pubAK_8,pubTSK_10,dev_state)) && event(ClientAcceptsProvenance(cr_6,sr_6,ExternalOrUntrusted,pubKAK_14))) is false.
 - Query event(ClientRANew(NULL_ID,NULL_pubkey,pubAK_8,pubKAK_14,pubTSK_10,pubVOK_1,dev_state,(pat_6,kat_4))) && event(ClientFinRecentAgr(ID,ID_C_3,pubTSK_10,psk_4,offer_4,mode_4,kc_14,ks_14,ems_14,rms_8,cr_6,sr_6)) && event(ClientStateEvKc((pat_6,kat_4),kc_14)) ==> event(ProvisionedTargetEnv(ID,pubAK_8,pubTSK_10,dev_state)) || event(CompromisedCA(pubCA_1)) || event(CompromisedCSP(pubCSP_1)) || event(UncheckedPolicies(pubVOK_1)) || event(LeakedKAK(pubKAK_14)) || event(LeakedTSK(pubTSK_10)) || event(ClientAcceptsProvenance(cr_6,sr_6,ExternalOrUntrusted,pubKAK_14)) || event(EvidenceOracle(pubKAK_14,dev_state,pat_6)) is false.
 - Query event(ClientRANew(NULL_ID,NULL_pubkey,pubAK_8,pubKAK_14,pubTSK_10,pubVOK_1,dev_state,(pat_6,kat_4))) && event(ClientFinRecentAgr(ID,ID_C_3,pubTSK_10,psk_4,offer_4,mode_4,kc_14,ks_14,ems_14,rms_8,cr_6,sr_6)) && event(ClientStateEvKc((pat_6,kat_4),kc_14)) ==> event(ProvisionedTargetEnv(ID,pubAK_8,pubTSK_10,dev_state)) || event(CompromisedCSP(pubCSP_1)) || event(UncheckedPolicies(pubVOK_1)) || event(LeakedAK(pubAK_8)) || event(LeakedKAK(pubKAK_14)) is true.
 - Query event(ClientRANew(NULL_ID,NULL_pubkey,pubAK_8,pubKAK_14,pubTSK_10,pubVOK_1,dev_state,(pat_6,kat_4))) && event(ClientFinRecentAgr(ID,ID_C_3,pubTSK_10,psk_4,offer_4,mode_4,kc_14,ks_14,ems_14,rms_8,cr_6,sr_6)) && event(ClientStateEvKc((pat_6,kat_4),kc_14)) ==> event(ProvisionedTargetEnv(ID,pubAK_8,pubTSK_10,dev_state)) || event(CompromisedCA(pubCA_1)) || event(CompromisedCSP(pubCSP_1)) || event(UncheckedPolicies(pubVOK_1)) || event(LeakedAK(pubAK_8)) is false.
 - Query event(ClientRANew(NULL_ID,NULL_pubkey,pubAK_8,pubKAK_14,pubTSK_10,pubVOK_1,dev_state,(pat_6,kat_4))) && event(ClientFinRecentAgr(ID,ID_C_3,pubTSK_10,psk_4,offer_4,mode_4,kc_14,ks_14,ems_14,rms_8,cr_6,sr_6)) && event(ClientStateEvKc((pat_6,kat_4),kc_14)) ==> event(ProvisionedTargetEnv(ID,pubAK_8,pubTSK_10,dev_state)) || event(CompromisedCA(pubCA_1)) || event(CompromisedCSP(pubCSP_1)) || event(LeakedAK(pubAK_8)) || event(LeakedKAK(pubKAK_14)) || event(LeakedTSK(pubTSK_10)) is false.
 - Query event(ClientRANew(NULL_ID,NULL_pubkey,pubAK_8,pubKAK_14,pubTSK_10,pubVOK_1,dev_state,(pat_6,kat_4))) && event(ClientFinRecentAgr(ID,ID_C_3,pubTSK_10,psk_4,offer_4,mode_4,kc_14,ks_14,ems_14,rms_8,cr_6,sr_6)) && event(ClientStateEvKc((pat_6,kat_4),kc_14)) ==> event(ProvisionedTargetEnv(ID,pubAK_8,pubTSK_10,dev_state)) || event(CompromisedCA(pubCA_1)) || event(CompromisedCSP(pubCSP_1)) || event(LeakedAK(pubAK_8)) || event(LeakedKAK(pubKAK_14)) || event(LeakedTSK(pubTSK_10)) || event(EvidenceOracle(pubKAK_14,dev_state,pat_6)) is true.
 - Query not event(AttackerControlsHSK(kch_8,ksh_8)) is false.
 - Query not event(ClientStateEvKch((pat_6,kat_4),kch_8)) is false.
 - Query not (event(AttackerControlsHSK(kch_8,ksh_8)) && event(ClientStateEvKch((pat_6,kat_4),kch_8))) is false.
 - Query event(ClientRANew(NULL_ID,NULL_pubkey,pubAK_8,pubKAK_14,pubTSK_10,pubVOK_1,dev_state,(pat_6,kat_4))) && event(ClientFinRecentAgr(ID,ID_C_3,pubTSK_10,psk_4,offer_4,mode_4,kc_14,ks_14,ems_14,rms_8,cr_6,sr_6)) && event(ClientStateEvKc((pat_6,kat_4),kc_14)) && attacker(kc_14) ==> event(CompromisedCSP(pubCSP_1)) || event(UncheckedPolicies(pubVOK_1)) || event(LeakedAK(pubAK_8)) || event(LeakedKAK(pubKAK_14)) is true.
 - Query event(ClientRANew(NULL_ID,NULL_pubkey,pubAK_8,pubKAK_14,pubTSK_10,pubVOK_1,dev_state,(pat_6,kat_4))) && event(ClientFinRecentAgr(ID,ID_C_3,pubTSK_10,psk_4,offer_4,mode_4,kc_14,ks_14,ems_14,rms_8,cr_6,sr_6)) && event(ClientStateEvKc((pat_6,kat_4),kc_14)) && attacker(kc_14) ==> event(CompromisedCA(pubCA_1)) || event(UncheckedPolicies(pubVOK_1)) || event(LeakedTSK(pubTSK_10)) is false.
 - Query not (event(ClientRANew(NULL_ID,NULL_pubkey,pubAK_8,pubKAK_14,pubTSK_10,pubVOK_1,dev_state,(pat_6,kat_4))) && event(ClientFinRecentAgr(ID,ID_C_3,pubTSK_10,psk_4,offer_4,mode_4,kc_14,ks_14,ems_14,rms_8,cr_6,sr_6)) && event(ClientStateEvKc((pat_6,kat_4),kc_14)) && attacker(kc_14)) is false.
 - Query inj-event(ClientReceivesAppData(ID,pubTSK_10,pubKAK_14,cr_6,sr_6,req_ctx_8,ems_14,ks_14,kc_14,dev_state,app_msg_2)) ==> (inj-event(ServerSendsAppData(ID,pubTSK_10,pubKAK_14,cr_6,sr_6,req_ctx_8,ems_14,ks_14,kc_14,dev_state,app_msg_2)) && event(ProvisionedTargetEnv(ID,pubAK_8,pubTSK_10,dev_state))) || event(CompromisedCSP(pubCSP_1)) || event(UncheckedPolicies(pubVOK_1)) || event(LeakedAK(pubAK_8)) || event(LeakedKAK(pubKAK_14)) is true.
 - Query inj-event(ClientReceivesAppData(ID,pubTSK_10,pubKAK_14,cr_6,sr_6,req_ctx_8,ems_14,ks_14,kc_14,dev_state,app_msg_2)) ==> (inj-event(ServerSendsAppData(ID,pubTSK_10,pubKAK_14,cr_6,sr_6,req_ctx_8,ems_14,ks_14,kc_14,dev_state,app_msg_2)) && event(ProvisionedTargetEnv(ID,pubAK_8,pubTSK_10,dev_state))) || event(CompromisedCA(pubCA_1)) || event(UncheckedPolicies(pubVOK_1)) || event(LeakedTSK(pubTSK_10)) is false.
 - Query inj-event(ClientReceivesAppData(ID,pubTSK_10,pubKAK_14,cr_6,sr_6,req_ctx_8,ems_14,ks_14,kc_14,dev_state,app_msg_2)) ==> inj-event(ServerSendsAppData(ID,pubTSK_10,pubKAK_14,cr_6,sr_6,req_ctx_8,ems_14,ks_14,kc_14,dev_state,app_msg_2)) && event(ProvisionedTargetEnv(ID,pubAK_8,pubTSK_10,dev_state)) is false.
Associated restriction(s):
 - Restriction 
   not (event(ClientIdentityOption(opt)) && opt ≠ OptionA)
   not (event(EndorsementsIssued(UEID_4,pubAK_8)) && UEID_4 ≠ NULL_ID)
 in process 1.
 - Restriction 
   not event(ClientAcceptsKEM(cr_6,WeakKEM))
   not event(ClientAcceptsHash(cr_6,WeakHash))
 in process 1.
 - Restriction not event(AttestationTimingWindow(Post)) in process 1.

--------------------------------------------------------------
