--------------------------------------------------------------
Verification summary:

Query(ies):
 - Query not (event(ServerID(idS,gxy_4)) && event(ClientID(idXS,gxy_4))) is false.
 - Query not event(Accepted((pat_6,kat_4))) is false.
 - Query not event(Appraised(log)) is false.
 - Query not event(ClientConn((pat_6,kat_4))) is false.
 - Query not event(ClientFinished(pubTSK_12,psk_4,cr_6,sr_6,offer_4,mode_4,kc_8,ks_8,ems_8,rms_4)) is false.
 - Query not event(ClientFinRecentAgr(ID_S_8,ID_C_3,pubTSK_12,psk_4,offer_4,mode_4,kc_8,ks_8,ems_8,rms_4,cr_6,sr_6)) is false.
 - Query not event(ServerFinished(cr_6,sr_6,psk_4,pubTSK_12,offer_4,mode_4,kc_8,ks_8,ems_8,rms_4)) is false.
 - Query not event(ClientRANew(NULL_ID,NULL_pubkey,pubAK_7,pubKAK_12,pubTSK_12,pubISV_1,dev_state,(pat_6,kat_4))) is false.
 - Query not event(ClientFin1WayAgr(ID_S_8,pubTSK_12,psk_4,offer_4,mode_4,kc_8,ks_8,ems_8,rms_4)) is false.
 - Query not event(ProvisionedTargetEnv(ID_S_8,pubAK_7,pubTSK_12,dev_state)) is false.
 - Query not event(ClientStateEvKc((pat_6,kat_4),kc_8)) is false.
 - Query not event(AcceptedRdata(dev_state)) is false.
 - Query not event(EvidenceOracle(pubKAK_12,dev_state,pat_6)) is false.
 - Query not event(ServerAssertsProvenance(cr_6,sr_6,ev_attr)) is false.
 - Query not event(ClientAcceptsProvenance(cr_6,sr_6,ev_attr,pubKAK_12)) is false.
 - Query event(ClientReceivesAppData(ID,pubTSK_12,pubKAK_12,cr_6,sr_6,req_ctx_10,ems_8,ks_8,kc_8,dev_state,app_msg_2)) && event(ServerSendsAppData(ID,pubTSK_12,pubKAK_12,cr_6,sr_6,req_ctx_10,ems_8,ks_8,kc_8,dev_state,app_msg_2)) && event(ProvisionedTargetEnv(ID,pubAK_7,pubTSK_12,dev_state)) ==> event(ClientAcceptsProvenance(cr_6,sr_6,ExternalOrExportable,pubKAK_12)) || event(ServerAssertsProvenance(cr_6,sr_6,ExternalOrExportable)) || event(ClientAcceptsElement(cr_6,BadElement)) || event(ClientAcceptsHash(cr_6,WeakHash)) || event(SentBadElement) || event(LeakedAK(pubAK_7)) || event(LeakedTSK(pubTSK_12)) || event(LeakedKAK(pubKAK_12)) || event(CompromisedCA(pubCA_1)) || event(CompromisedCSP(pubCSP_1)) || event(UncheckedPolicies(pubISV_1)) || event(EvidenceOracle(pubKAK_12,dev_state,pat_6)) is false.
 - Query event(ClientRANew(NULL_ID,NULL_pubkey,pubAK_7,pubKAK_12,pubTSK_12,pubISV_1,dev_state,(pat_6,kat_4))) && event(ClientFinRecentAgr(ID,ID_C_3,pubTSK_12,psk_4,offer_4,mode_4,kc_8,ks_8,ems_8,rms_4,cr_6,sr_6)) && event(ClientStateEvKc((pat_6,kat_4),kc_8)) && event(ProvisionedTargetEnv(ID,pubAK_7,pubTSK_12,dev_state)) ==> event(ClientAcceptsProvenance(cr_6,sr_6,ExternalOrExportable,pubKAK_12)) || event(ServerAssertsProvenance(cr_6,sr_6,ExternalOrExportable)) || event(ClientAcceptsElement(cr_6,BadElement)) || event(ClientAcceptsHash(cr_6,WeakHash)) || event(SentBadElement) || event(LeakedAK(pubAK_7)) || event(LeakedTSK(pubTSK_12)) || event(LeakedKAK(pubKAK_12)) || event(CompromisedCA(pubCA_1)) || event(CompromisedCSP(pubCSP_1)) || event(UncheckedPolicies(pubISV_1)) || event(EvidenceOracle(pubKAK_12,dev_state,pat_6)) is false.
 - Query not (event(ClientStateEv(ev,gxy_4)) && event(ServerStateEv(ev,gxy_4))) is false.
 - Query not (event(ClientStateEvKch(ev,kch_8)) && event(ServerStateEvKch(ev,kch_8))) is false.
 - Query not (event(ClientStateEvKc(ev,kc_8)) && event(ServerStateEvKc(ev,kc_8))) is false.
 - Query not (event(ClientComp(ID,psk_4,offer_4,mode_4,kc_8,ks_8,ems_8,rms_4,cr_6,sr_6,pubTSK_12,dev_state)) && event(ClientStateEvKc((pat_6,kat_4),kc_8)) && event(PreServerComp(ID,psk_4,offer_4,mode_4,kc_8,ks_8,ems_8,cr_6,sr_6,pubTSK_12,dev_state)) && event(ServerStateEvKc((pat_6,kat_4),kc_8))) is false.
 - Query event(ClientStateEv(ev,gxy1)) && event(ServerStateEv(ev,gxy2)) ==> gxy1 = gxy2 is true.
 - Query event(ClientStateEvKch(ev,kch1)) && event(ServerStateEvKch(ev,kch2)) ==> kch1 = kch2 is true.
 - Query event(ClientStateEvKc(ev,kc1)) && event(ServerStateEvKc(ev,kc2)) ==> kc1 = kc2 is true.
 - Query event(ClientComp(ID,psk_4,offer_4,mode_4,kc1,ks_8,ems_8,rms_4,cr_6,sr_6,pubTSK_12,dev_state)) && event(ClientStateEvKc(ev1,kc1)) && event(PreServerComp(ID,psk_4,offer_4,mode_4,kc2,ks_8,ems_8,cr_6,sr_6,pubTSK_12,dev_state)) && event(ServerStateEvKc(ev2,kc2)) ==> (kc1,ev1) = (kc2,ev2) is true.
 - Query event(ClientID(ID1,gxy_4)) && event(ClientStateEv(ev,gxy_4)) && event(ClientStateEvKc(ev,kc1)) && event(ServerID(ID2,gxy_4)) && event(ServerStateEv(ev,gxy_4)) && event(ServerStateEvKc(ev,kc2)) ==> (ID1,kc1) = (ID2,kc2) is true.
 - Query not (event(EvidenceOracle(pubKAK_12,dev_state,pat_6)) && event(ClientRANew(NULL_ID,NULL_pubkey,pubAK_7,pubKAK_12,pubTSK_12,pubISV_1,dev_state,(pat_6,kat_4))) && event(ClientFinRecentAgr(ID,ID_C_3,pubTSK_12,psk_4,offer_4,mode_4,kc_8,ks_8,ems_8,rms_4,cr_6,sr_6)) && event(ClientStateEvKc((pat_6,kat_4),kc_8)) && event(ProvisionedTargetEnv(ID,pubAK_7,pubTSK_12,dev_state)) && event(ClientAcceptsProvenance(cr_6,sr_6,LocalNonExportable,pubKAK_12))) is true.
 - Query not (event(EvidenceOracle(pubKAK_12,dev_state,pat_6)) && event(ClientRANew(NULL_ID,NULL_pubkey,pubAK_7,pubKAK_12,pubTSK_12,pubISV_1,dev_state,(pat_6,kat_4))) && event(ClientFinRecentAgr(ID,ID_C_3,pubTSK_12,psk_4,offer_4,mode_4,kc_8,ks_8,ems_8,rms_4,cr_6,sr_6)) && event(ClientStateEvKc((pat_6,kat_4),kc_8)) && event(ProvisionedTargetEnv(ID,pubAK_7,pubTSK_12,dev_state)) && event(ClientAcceptsProvenance(cr_6,sr_6,ExternalOrExportable,pubKAK_12))) is false.
 - Query event(ClientRANew(NULL_ID,NULL_pubkey,pubAK_7,pubKAK_12,pubTSK_12,pubISV_1,dev_state,(pat_6,kat_4))) && event(ClientFinRecentAgr(ID,ID_C_3,pubTSK_12,psk_4,offer_4,mode_4,kc_8,ks_8,ems_8,rms_4,cr_6,sr_6)) && event(ClientStateEvKc((pat_6,kat_4),kc_8)) ==> event(ProvisionedTargetEnv(ID,pubAK_7,pubTSK_12,dev_state)) || event(CompromisedCA(pubCA_1)) || event(CompromisedCSP(pubCSP_1)) || event(UncheckedPolicies(pubISV_1)) || event(LeakedKAK(pubKAK_12)) || event(LeakedTSK(pubTSK_12)) || event(ClientAcceptsProvenance(cr_6,sr_6,ExternalOrExportable,pubKAK_12)) || event(EvidenceOracle(pubKAK_12,dev_state,pat_6)) is false.
 - Query event(ClientRANew(NULL_ID,NULL_pubkey,pubAK_7,pubKAK_12,pubTSK_12,pubISV_1,dev_state,(pat_6,kat_4))) && event(ClientFinRecentAgr(ID,ID_C_3,pubTSK_12,psk_4,offer_4,mode_4,kc_8,ks_8,ems_8,rms_4,cr_6,sr_6)) && event(ClientStateEvKc((pat_6,kat_4),kc_8)) ==> event(ProvisionedTargetEnv(ID,pubAK_7,pubTSK_12,dev_state)) || event(CompromisedCSP(pubCSP_1)) || event(UncheckedPolicies(pubISV_1)) || event(LeakedAK(pubAK_7)) || event(LeakedKAK(pubKAK_12)) is false.
 - Query event(ClientRANew(NULL_ID,NULL_pubkey,pubAK_7,pubKAK_12,pubTSK_12,pubISV_1,dev_state,(pat_6,kat_4))) && event(ClientFinRecentAgr(ID,ID_C_3,pubTSK_12,psk_4,offer_4,mode_4,kc_8,ks_8,ems_8,rms_4,cr_6,sr_6)) && event(ClientStateEvKc((pat_6,kat_4),kc_8)) ==> event(ProvisionedTargetEnv(ID,pubAK_7,pubTSK_12,dev_state)) || event(CompromisedCA(pubCA_1)) || event(CompromisedCSP(pubCSP_1)) || event(UncheckedPolicies(pubISV_1)) || event(LeakedAK(pubAK_7)) is true.
 - Query event(ClientRANew(NULL_ID,NULL_pubkey,pubAK_7,pubKAK_12,pubTSK_12,pubISV_1,dev_state,(pat_6,kat_4))) && event(ClientFinRecentAgr(ID,ID_C_3,pubTSK_12,psk_4,offer_4,mode_4,kc_8,ks_8,ems_8,rms_4,cr_6,sr_6)) && event(ClientStateEvKc((pat_6,kat_4),kc_8)) ==> event(ProvisionedTargetEnv(ID,pubAK_7,pubTSK_12,dev_state)) || event(CompromisedCA(pubCA_1)) || event(CompromisedCSP(pubCSP_1)) || event(LeakedAK(pubAK_7)) || event(LeakedKAK(pubKAK_12)) || event(LeakedTSK(pubTSK_12)) is false.
 - Query event(ClientRANew(NULL_ID,NULL_pubkey,pubAK_7,pubKAK_12,pubTSK_12,pubISV_1,dev_state,(pat_6,kat_4))) && event(ClientFinRecentAgr(ID,ID_C_3,pubTSK_12,psk_4,offer_4,mode_4,kc_8,ks_8,ems_8,rms_4,cr_6,sr_6)) && event(ClientStateEvKc((pat_6,kat_4),kc_8)) ==> event(ProvisionedTargetEnv(ID,pubAK_7,pubTSK_12,dev_state)) || event(CompromisedCA(pubCA_1)) || event(CompromisedCSP(pubCSP_1)) || event(LeakedAK(pubAK_7)) || event(LeakedKAK(pubKAK_12)) || event(LeakedTSK(pubTSK_12)) || event(EvidenceOracle(pubKAK_12,dev_state,pat_6)) is false.
 - Query not event(AttackerControlsHSK(kch_8,ksh_8)) is false.
 - Query not event(ClientStateEvKch((pat_6,kat_4),kch_8)) is false.
 - Query not (event(AttackerControlsHSK(kch_8,ksh_8)) && event(ClientStateEvKch((pat_6,kat_4),kch_8))) is false.
 - Query event(ClientRANew(NULL_ID,NULL_pubkey,pubAK_7,pubKAK_12,pubTSK_12,pubISV_1,dev_state,(pat_6,kat_4))) && event(ClientFinRecentAgr(ID,ID_C_3,pubTSK_12,psk_4,offer_4,mode_4,kc_8,ks_8,ems_8,rms_4,cr_6,sr_6)) && event(ClientStateEvKc((pat_6,kat_4),kc_8)) && attacker(kc_8) ==> event(CompromisedCSP(pubCSP_1)) || event(UncheckedPolicies(pubISV_1)) || event(LeakedAK(pubAK_7)) || event(LeakedKAK(pubKAK_12)) is true.
 - Query event(ClientRANew(NULL_ID,NULL_pubkey,pubAK_7,pubKAK_12,pubTSK_12,pubISV_1,dev_state,(pat_6,kat_4))) && event(ClientFinRecentAgr(ID,ID_C_3,pubTSK_12,psk_4,offer_4,mode_4,kc_8,ks_8,ems_8,rms_4,cr_6,sr_6)) && event(ClientStateEvKc((pat_6,kat_4),kc_8)) && attacker(kc_8) ==> event(CompromisedCA(pubCA_1)) || event(UncheckedPolicies(pubISV_1)) || event(LeakedTSK(pubTSK_12)) is true.
 - Query not (event(ClientRANew(NULL_ID,NULL_pubkey,pubAK_7,pubKAK_12,pubTSK_12,pubISV_1,dev_state,(pat_6,kat_4))) && event(ClientFinRecentAgr(ID,ID_C_3,pubTSK_12,psk_4,offer_4,mode_4,kc_8,ks_8,ems_8,rms_4,cr_6,sr_6)) && event(ClientStateEvKc((pat_6,kat_4),kc_8)) && attacker(kc_8)) is false.
 - Query inj-event(ClientReceivesAppData(ID,pubTSK_12,pubKAK_12,cr_6,sr_6,req_ctx_10,ems_8,ks_8,kc_8,dev_state,app_msg_2)) ==> (inj-event(ServerSendsAppData(ID,pubTSK_12,pubKAK_12,cr_6,sr_6,req_ctx_10,ems_8,ks_8,kc_8,dev_state,app_msg_2)) && event(ProvisionedTargetEnv(ID,pubAK_7,pubTSK_12,dev_state))) || event(CompromisedCSP(pubCSP_1)) || event(UncheckedPolicies(pubISV_1)) || event(LeakedAK(pubAK_7)) || event(LeakedKAK(pubKAK_12)) is false.
 - Query inj-event(ClientReceivesAppData(ID,pubTSK_12,pubKAK_12,cr_6,sr_6,req_ctx_10,ems_8,ks_8,kc_8,dev_state,app_msg_2)) ==> (inj-event(ServerSendsAppData(ID,pubTSK_12,pubKAK_12,cr_6,sr_6,req_ctx_10,ems_8,ks_8,kc_8,dev_state,app_msg_2)) && event(ProvisionedTargetEnv(ID,pubAK_7,pubTSK_12,dev_state))) || event(CompromisedCA(pubCA_1)) || event(UncheckedPolicies(pubISV_1)) || event(LeakedTSK(pubTSK_12)) is true.
 - Query inj-event(ClientReceivesAppData(ID,pubTSK_12,pubKAK_12,cr_6,sr_6,req_ctx_10,ems_8,ks_8,kc_8,dev_state,app_msg_2)) ==> inj-event(ServerSendsAppData(ID,pubTSK_12,pubKAK_12,cr_6,sr_6,req_ctx_10,ems_8,ks_8,kc_8,dev_state,app_msg_2)) && event(ProvisionedTargetEnv(ID,pubAK_7,pubTSK_12,dev_state)) is false.
Associated restriction(s):
 - Restriction 
   not event(ClientAcceptsElement(cr_6,BadElement))
   not event(ClientAcceptsHash(cr_6,WeakHash))
 in process 1.
 - Restriction 
   not (event(ClientIdentityOption(opt)) && opt ≠ OptionB)
   not (event(EndorsementsIssued(UEID_4,pubAK_7)) && UEID_4 ≠ NULL_ID)
 in process 1.

--------------------------------------------------------------
