--------------------------------------------------------------
Verification summary:

Query(ies):
 - Query not (event(ServerID(idS,gxy_4)) && event(ClientID(idXS,gxy_4))) is false.
 - Query not event(Accepted(ev)) is false.
 - Query not event(Appraised(log)) is false.
 - Query not event(ClientConn(ev)) is false.
 - Query not event(ClientFinished(pubTSK_12,psk_4,cr_6,sr_6,offer_4,mode_4,kc_8,ks_8,ems_8,rms_4)) is false.
 - Query not event(ClientFinRecentAgr(ID_S_7,ID_C_3,pubTSK_12,psk_4,offer_4,mode_4,kc_8,ks_8,ems_8,rms_4,cr_6,sr_6)) is false.
 - Query not event(ServerFinished(cr_6,sr_6,psk_4,pubTSK_12,offer_4,mode_4,kc_8,ks_8,ems_8,rms_4)) is false.
 - Query not event(ClientRANew(NULL_ID,NULL_pubkey,pubAK_12,pubTSK_12,dev_state,ev)) is false.
 - Query not event(ClientFin1WayAgr(ID_S_7,pubTSK_12,psk_4,offer_4,mode_4,kc_8,ks_8,ems_8,rms_4)) is false.
 - Query not event(ProvisionedTargetEnv(ID_S_7,pubAK_12,pubTSK_12,dev_state)) is false.
 - Query not event(ClientStateEvKc(ev,kc_8)) is false.
 - Query not event(AcceptedRdata(dev_state)) is false.
 - Query not event(EvidenceOracle(pubAK_12,dev_state,ev)) is false.
 - Query not event(ServerAssertsProvenance(cr_6,sr_6,ev_attr)) is false.
 - Query not event(ClientAcceptsProvenance(cr_6,sr_6,ev_attr)) is false.
 - Query event(ClientReceivesAppData(ID,pubTSK_12,pubAK_12,cr_6,sr_6,req_ctx_6,ems_8,ks_8,kc_8,dev_state,app_msg_2)) && event(ServerSendsAppData(ID,pubTSK_12,pubAK_12,cr_6,sr_6,req_ctx_6,ems_8,ks_8,kc_8,dev_state,app_msg_2)) && event(ProvisionedTargetEnv(ID,pubAK_12,pubTSK_12,dev_state)) ==> event(ClientAcceptsProvenance(cr_6,sr_6,ExternalOrExportable)) || event(ServerAssertsProvenance(cr_6,sr_6,ExternalOrExportable)) || event(ClientAcceptsElement(cr_6,BadElement)) || event(ClientAcceptsHash(cr_6,WeakHash)) || event(SentBadElement) || event(LeakedAK(pubAK_12)) || event(LeakedTSK(pubTSK_12)) || event(CompromisedCA(pubCA_1)) || event(CompromisedCSP(pubISV_1)) || event(UncheckedPolicies(pubOwner_1)) || event(EvidenceOracle(pubAK_12,dev_state,ev)) is false.
 - Query event(ClientRANew(NULL_ID,NULL_pubkey,pubAK_12,pubTSK_12,dev_state,ev)) && event(ClientFinRecentAgr(ID,ID_C_3,pubTSK_12,psk_4,offer_4,mode_4,kc_8,ks_8,ems_8,rms_4,cr_6,sr_6)) && event(ClientStateEvKc(ev,kc_8)) && event(ProvisionedTargetEnv(ID,pubAK_12,pubTSK_12,dev_state)) ==> event(ClientAcceptsProvenance(cr_6,sr_6,ExternalOrExportable)) || event(ServerAssertsProvenance(cr_6,sr_6,ExternalOrExportable)) || event(ClientAcceptsElement(cr_6,BadElement)) || event(ClientAcceptsHash(cr_6,WeakHash)) || event(SentBadElement) || event(LeakedAK(pubAK_12)) || event(LeakedTSK(pubTSK_12)) || event(CompromisedCA(pubCA_1)) || event(CompromisedCSP(pubISV_1)) || event(UncheckedPolicies(pubOwner_1)) || event(EvidenceOracle(pubAK_12,dev_state,ev)) is false.
 - Query not (event(ClientStateEv(ev,gxy_4)) && event(ServerStateEv(ev,gxy_4))) is false.
 - Query not (event(ClientStateEvKch(ev,kch_8)) && event(ServerStateEvKch(ev,kch_8))) is false.
 - Query not (event(ClientStateEvKc(ev,kc_8)) && event(ServerStateEvKc(ev,kc_8))) is false.
 - Query not (event(ClientComp(ID,psk_4,offer_4,mode_4,kc_8,ks_8,ems_8,rms_4,cr_6,sr_6,pubTSK_12,dev_state)) && event(ClientStateEvKc(ev,kc_8)) && event(PreServerComp(ID,psk_4,offer_4,mode_4,kc_8,ks_8,ems_8,cr_6,sr_6,pubTSK_12,dev_state)) && event(ServerStateEvKc(ev,kc_8))) is false.
 - Query event(ClientStateEv(ev,gxy1)) && event(ServerStateEv(ev,gxy2)) ==> gxy1 = gxy2 is true.
 - Query event(ClientStateEvKch(ev,kch1)) && event(ServerStateEvKch(ev,kch2)) ==> kch1 = kch2 is true.
 - Query event(ClientStateEvKc(ev,kc1)) && event(ServerStateEvKc(ev,kc2)) ==> kc1 = kc2 || event(ClientAcceptsElement(cr_6,BadElement)) is true.
 - Query event(ClientStateEvKc(ev,kc1)) && event(ServerStateEvKc(ev,kc2)) ==> kc1 = kc2 is true.
 - Query event(ClientComp(ID,psk_4,offer_4,mode_4,kc1,ks_8,ems_8,rms_4,cr_6,sr_6,pubTSK_12,dev_state)) && event(ClientStateEvKc(ev1,kc1)) && event(PreServerComp(ID,psk_4,offer_4,mode_4,kc2,ks_8,ems_8,cr_6,sr_6,pubTSK_12,dev_state)) && event(ServerStateEvKc(ev2,kc2)) ==> (kc1,ev1) = (kc2,ev2) || event(ClientAcceptsElement(cr_6,BadElement)) is true.
 - Query event(ClientComp(ID,psk_4,offer_4,mode_4,kc1,ks_8,ems_8,rms_4,cr_6,sr_6,pubTSK_12,dev_state)) && event(ClientStateEvKc(ev1,kc1)) && event(PreServerComp(ID,psk_4,offer_4,mode_4,kc2,ks_8,ems_8,cr_6,sr_6,pubTSK_12,dev_state)) && event(ServerStateEvKc(ev2,kc2)) ==> (kc1,ev1) = (kc2,ev2) is true.
 - Query event(ClientID(ID1,gxy_4)) && event(ClientStateEv(ev,gxy_4)) && event(ClientStateEvKc(ev,kc1)) && event(ServerID(ID2,gxy_4)) && event(ServerStateEv(ev,gxy_4)) && event(ServerStateEvKc(ev,kc2)) ==> (ID1,kc1) = (ID2,kc2) || event(ClientAcceptsElement(cr_6,BadElement)) is true.
 - Query event(ClientID(ID1,gxy_4)) && event(ClientStateEv(ev,gxy_4)) && event(ClientStateEvKc(ev,kc1)) && event(ServerID(ID2,gxy_4)) && event(ServerStateEv(ev,gxy_4)) && event(ServerStateEvKc(ev,kc2)) ==> (ID1,kc1) = (ID2,kc2) is true.
 - Query event(ClientRANew(NULL_ID,NULL_pubkey,pubAK_12,pubTSK_12,dev_state,ev)) && event(ClientFinRecentAgr(ID,ID_C_3,pubTSK_12,psk_4,offer_4,mode_4,kc_8,ks_8,ems_8,rms_4,cr_6,sr_6)) && event(ClientStateEvKc(ev,kc_8)) ==> event(ProvisionedTargetEnv(ID,pubAK_12,pubTSK_12,dev_state)) || event(LeakedAK(pubAK_12)) || event(CompromisedCSP(pubISV_1)) || event(CompromisedCA(pubCA_1)) || event(UncheckedPolicies(pubOwner_1)) || event(ClientAcceptsProvenance(cr_6,sr_6,ExternalOrExportable)) is true.
 - Query event(ClientRANew(NULL_ID,NULL_pubkey,pubAK_12,pubTSK_12,dev_state,ev)) && event(ClientFinRecentAgr(ID,ID_C_3,pubTSK_12,psk_4,offer_4,mode_4,kc_8,ks_8,ems_8,rms_4,cr_6,sr_6)) && event(ClientStateEvKc(ev,kc_8)) ==> event(ProvisionedTargetEnv(ID,pubAK_12,pubTSK_12,dev_state)) || event(LeakedTSK(pubTSK_12)) || event(CompromisedCSP(pubISV_1)) || event(CompromisedCA(pubCA_1)) || event(UncheckedPolicies(pubOwner_1)) || event(ClientAcceptsProvenance(cr_6,sr_6,ExternalOrExportable)) is false.
 - Query event(ClientRANew(NULL_ID,NULL_pubkey,pubAK_12,pubTSK_12,dev_state,ev)) && event(ClientFinRecentAgr(ID,ID_C_3,pubTSK_12,psk_4,offer_4,mode_4,kc_8,ks_8,ems_8,rms_4,cr_6,sr_6)) && event(ClientStateEvKc(ev,kc_8)) ==> event(ProvisionedTargetEnv(ID,pubAK_12,pubTSK_12,dev_state)) || event(LeakedTSK(pubTSK_12)) || event(CompromisedCSP(pubISV_1)) is false.
 - Query event(ClientRANew(NULL_ID,NULL_pubkey,pubAK_12,pubTSK_12,dev_state,ev)) && event(ClientFinRecentAgr(ID,ID_C_3,pubTSK_12,psk_4,offer_4,mode_4,kc_8,ks_8,ems_8,rms_4,cr_6,sr_6)) && event(ClientStateEvKc(ev,kc_8)) && event(ServerAssertsProvenance(cr_6,sr_6,ExternalOrExportable)) ==> event(ProvisionedTargetEnv(ID,pubAK_12,pubTSK_12,dev_state)) || event(LeakedAK(pubAK_12)) || event(LeakedTSK(pubTSK_12)) || event(CompromisedCSP(pubISV_1)) || event(CompromisedCA(pubCA_1)) || event(UncheckedPolicies(pubOwner_1)) is false.
 - Query event(ClientRANew(NULL_ID,NULL_pubkey,pubAK_12,pubTSK_12,dev_state,ev)) && event(ClientFinRecentAgr(ID,ID_C_3,pubTSK_12,psk_4,offer_4,mode_4,kc_8,ks_8,ems_8,rms_4,cr_6,sr_6)) && event(ClientStateEvKc(ev,kc_8)) && event(ServerAssertsProvenance(cr_6,sr_6,ExternalOrExportable)) ==> event(ProvisionedTargetEnv(ID,pubAK_12,pubTSK_12,dev_state)) || event(LeakedAK(pubAK_12)) || event(LeakedTSK(pubTSK_12)) || event(CompromisedCSP(pubISV_1)) || event(CompromisedCA(pubCA_1)) is false.
 - Query not event(AttackerControlsHSK(kch_8,ksh_8)) is false.
 - Query not event(ClientStateEvKch(ev,kch_8)) is false.
 - Query not (event(AttackerControlsHSK(kch_8,ksh_8)) && event(ClientStateEvKch(ev,kch_8))) is false.
 - Query event(ClientRANew(NULL_ID,NULL_pubkey,pubAK_12,pubTSK_12,dev_state1,ev)) && event(ClientFinRecentAgr(ID,ID_C_3,pubTSK_12,psk_4,offer_4,mode_4,kc_8,ks_8,ems_8,rms_4,cr_6,sr_6)) && event(ClientStateEvKc(ev,kc_8)) && attacker(kc_8) ==> event(LeakedAK(pubAK_12)) || event(CompromisedCSP(pubISV_1)) || event(CompromisedCA(pubCA_1)) || event(UncheckedPolicies(pubOwner_1)) || event(ClientAcceptsProvenance(cr_6,sr_6,ExternalOrExportable)) is true.
 - Query event(ClientRANew(NULL_ID,NULL_pubkey,pubAK_12,pubTSK_12,dev_state1,ev)) && event(ClientFinRecentAgr(ID,ID_C_3,pubTSK_12,psk_4,offer_4,mode_4,kc_8,ks_8,ems_8,rms_4,cr_6,sr_6)) && event(ClientStateEvKc(ev,kc_8)) && attacker(kc_8) ==> event(LeakedTSK(pubTSK_12)) || event(CompromisedCSP(pubISV_1)) || event(CompromisedCA(pubCA_1)) || event(UncheckedPolicies(pubOwner_1)) || event(ClientAcceptsProvenance(cr_6,sr_6,ExternalOrExportable)) is false.
 - Query event(ClientRANew(NULL_ID,NULL_pubkey,pubAK_12,pubTSK_12,dev_state1,ev)) && event(ClientFinRecentAgr(ID,ID_C_3,pubTSK_12,psk_4,offer_4,mode_4,kc_8,ks_8,ems_8,rms_4,cr_6,sr_6)) && event(ClientStateEvKc(ev,kc_8)) && attacker(kc_8) ==> event(LeakedTSK(pubTSK_12)) || event(CompromisedCSP(pubISV_1)) is false.
 - Query event(ClientRANew(NULL_ID,NULL_pubkey,pubAK_12,pubTSK_12,dev_state1,ev)) && event(ClientFinRecentAgr(ID,ID_C_3,pubTSK_12,psk_4,offer_4,mode_4,kc_8,ks_8,ems_8,rms_4,cr_6,sr_6)) && event(ClientStateEvKc(ev,kc_8)) && event(ServerAssertsProvenance(cr_6,sr_6,ExternalOrExportable)) && attacker(kc_8) ==> event(LeakedAK(pubAK_12)) || event(LeakedTSK(pubTSK_12)) || event(CompromisedCSP(pubISV_1)) || event(CompromisedCA(pubCA_1)) is false.
 - Query event(ClientRANew(NULL_ID,NULL_pubkey,pubAK_12,pubTSK_12,dev_state1,ev)) && event(ClientFinRecentAgr(ID,ID_C_3,pubTSK_12,psk_4,offer_4,mode_4,kc_8,ks_8,ems_8,rms_4,cr_6,sr_6)) && event(ClientStateEvKc(ev,kc_8)) && event(ServerAssertsProvenance(cr_6,sr_6,ExternalOrExportable)) && attacker(kc_8) ==> event(LeakedAK(pubAK_12)) || event(LeakedTSK(pubTSK_12)) || event(CompromisedCSP(pubISV_1)) is false.
 - Query event(ServerID(idS,gxy_4)) && event(ClientID(idXS,gxy_4)) ==> idS = idXS || event(LeakedAK(pubAK_12)) || event(CompromisedCSP(pubISV_1)) || event(CompromisedCA(pubCA_1)) || event(UncheckedPolicies(pubOwner_1)) || event(ClientAcceptsProvenance(cr_6,sr_6,ExternalOrExportable)) is true.
 - Query event(ServerID(idS,gxy_4)) && event(ClientID(idXS,gxy_4)) ==> idS = idXS || event(LeakedTSK(pubTSK_12)) || event(CompromisedCSP(pubISV_1)) || event(CompromisedCA(pubCA_1)) || event(UncheckedPolicies(pubOwner_1)) || event(ClientAcceptsProvenance(cr_6,sr_6,ExternalOrExportable)) is false.
 - Query event(ServerID(idS,gxy_4)) && event(ClientID(idXS,gxy_4)) ==> idS = idXS || event(LeakedTSK(pubTSK_12)) || event(CompromisedCSP(pubISV_1)) is false.
 - Query event(ServerID(idS,gxy_4)) && event(ClientID(idXS,gxy_4)) && event(ServerAssertsProvenance(cr_6,sr_6,ExternalOrExportable)) ==> idS = idXS || event(LeakedAK(pubAK_12)) || event(LeakedTSK(pubTSK_12)) || event(CompromisedCSP(pubISV_1)) || event(CompromisedCA(pubCA_1)) is false.
 - Query event(ServerID(idS,gxy_4)) && event(ClientID(idXS,gxy_4)) && event(ServerAssertsProvenance(cr_6,sr_6,ExternalOrExportable)) ==> idS = idXS || event(LeakedAK(pubAK_12)) || event(LeakedTSK(pubTSK_12)) || event(CompromisedCSP(pubISV_1)) is false.
 - Query inj-event(ClientReceivesAppData(ID,pubTSK_12,pubAK_12,cr_6,sr_6,req_ctx_6,ems_8,ks_8,kc_8,dev_state,app_msg_2)) ==> (inj-event(ServerSendsAppData(ID,pubTSK_12,pubAK_12,cr_6,sr_6,req_ctx_6,ems_8,ks_8,kc_8,dev_state,app_msg_2)) && event(ProvisionedTargetEnv(ID,pubAK_12,pubTSK_12,dev_state))) || event(LeakedAK(pubAK_12)) || event(CompromisedCSP(pubISV_1)) || event(CompromisedCA(pubCA_1)) || event(UncheckedPolicies(pubOwner_1)) || event(ClientAcceptsProvenance(cr_6,sr_6,ExternalOrExportable)) is true.
 - Query inj-event(ClientReceivesAppData(ID,pubTSK_12,pubAK_12,cr_6,sr_6,req_ctx_6,ems_8,ks_8,kc_8,dev_state,app_msg_2)) ==> (inj-event(ServerSendsAppData(ID,pubTSK_12,pubAK_12,cr_6,sr_6,req_ctx_6,ems_8,ks_8,kc_8,dev_state,app_msg_2)) && event(ProvisionedTargetEnv(ID,pubAK_12,pubTSK_12,dev_state))) || event(LeakedTSK(pubTSK_12)) || event(CompromisedCSP(pubISV_1)) || event(CompromisedCA(pubCA_1)) || event(UncheckedPolicies(pubOwner_1)) || event(ClientAcceptsProvenance(cr_6,sr_6,ExternalOrExportable)) is false.
 - Query inj-event(ClientReceivesAppData(ID,pubTSK_12,pubAK_12,cr_6,sr_6,req_ctx_6,ems_8,ks_8,kc_8,dev_state,app_msg_2)) ==> (inj-event(ServerSendsAppData(ID,pubTSK_12,pubAK_12,cr_6,sr_6,req_ctx_6,ems_8,ks_8,kc_8,dev_state,app_msg_2)) && event(ProvisionedTargetEnv(ID,pubAK_12,pubTSK_12,dev_state))) || event(LeakedTSK(pubTSK_12)) || event(CompromisedCSP(pubISV_1)) is false.
 - Query inj-event(ClientReceivesAppData(ID,pubTSK_12,pubAK_12,cr_6,sr_6,req_ctx_6,ems_8,ks_8,kc_8,dev_state,app_msg_2)) && event(ServerAssertsProvenance(cr_6,sr_6,ExternalOrExportable)) ==> (inj-event(ServerSendsAppData(ID,pubTSK_12,pubAK_12,cr_6,sr_6,req_ctx_6,ems_8,ks_8,kc_8,dev_state,app_msg_2)) && event(ProvisionedTargetEnv(ID,pubAK_12,pubTSK_12,dev_state))) || event(LeakedAK(pubAK_12)) || event(LeakedTSK(pubTSK_12)) || event(CompromisedCSP(pubISV_1)) || event(CompromisedCA(pubCA_1)) || event(UncheckedPolicies(pubOwner_1)) is false.
 - Query inj-event(ClientReceivesAppData(ID,pubTSK_12,pubAK_12,cr_6,sr_6,req_ctx_6,ems_8,ks_8,kc_8,dev_state,app_msg_2)) && event(ServerAssertsProvenance(cr_6,sr_6,ExternalOrExportable)) ==> (inj-event(ServerSendsAppData(ID,pubTSK_12,pubAK_12,cr_6,sr_6,req_ctx_6,ems_8,ks_8,kc_8,dev_state,app_msg_2)) && event(ProvisionedTargetEnv(ID,pubAK_12,pubTSK_12,dev_state))) || event(LeakedAK(pubAK_12)) || event(LeakedTSK(pubTSK_12)) || event(CompromisedCSP(pubISV_1)) || event(CompromisedCA(pubCA_1)) is false.
 - Query not (event(EvidenceOracle(pubAK_12,dev_state,ev)) && event(ClientRANew(NULL_ID,NULL_pubkey,pubAK_12,pubTSK_12,dev_state,ev)) && event(ClientFinRecentAgr(ID,ID_C_3,pubTSK_12,psk_4,offer_4,mode_4,kc_8,ks_8,ems_8,rms_4,cr_6,sr_6)) && event(ClientStateEvKc(ev,kc_8)) && event(ServerAssertsProvenance(cr_6,sr_6,ExternalOrExportable))) is false.
 - Query not (event(EvidenceOracle(pubAK_12,dev_state,ev)) && event(ClientRANew(NULL_ID,NULL_pubkey,pubAK_12,pubTSK_12,dev_state,ev)) && event(ClientFinRecentAgr(ID,ID_C_3,pubTSK_12,psk_4,offer_4,mode_4,kc_8,ks_8,ems_8,rms_4,cr_6,sr_6)) && event(ClientStateEvKc(ev,kc_8)) && event(ProvisionedTargetEnv(ID,pubAK_12,pubTSK_12,dev_state))) is false.
 - Query event(EvidenceOracle(pubAK_12,dev_state,ev)) && event(ClientRANew(NULL_ID,NULL_pubkey,pubAK_12,pubTSK_12,dev_state,ev)) && event(ClientFinRecentAgr(ID,ID_C_3,pubTSK_12,psk_4,offer_4,mode_4,kc_8,ks_8,ems_8,rms_4,cr_6,sr_6)) && event(ClientStateEvKc(ev,kc_8)) && event(ProvisionedTargetEnv(ID,pubAK_12,pubTSK_12,dev_state)) ==> event(ClientAcceptsProvenance(cr_6,sr_6,ExternalOrExportable)) is true.
 - Query event(EvidenceOracle(pubAK_12,dev_state,ev)) && event(ClientRANew(NULL_ID,NULL_pubkey,pubAK_12,pubTSK_12,dev_state,ev)) && event(ClientFinRecentAgr(ID,ID_C_3,pubTSK_12,psk_4,offer_4,mode_4,kc_8,ks_8,ems_8,rms_4,cr_6,sr_6)) && event(ClientStateEvKc(ev,kc_8)) && event(ProvisionedTargetEnv(ID,pubAK_12,pubTSK_12,dev_state)) ==> event(ServerAssertsProvenance(cr_6,sr_6,ExternalOrExportable)) || event(LeakedTSK(pubTSK_12)) is true.
 - Query event(EvidenceOracle(pubAK_12,dev_state,ev)) && event(ClientRANew(NULL_ID,NULL_pubkey,pubAK_12,pubTSK_12,dev_state,ev)) && event(ClientFinRecentAgr(ID,ID_C_3,pubTSK_12,psk_4,offer_4,mode_4,kc_8,ks_8,ems_8,rms_4,cr_6,sr_6)) && event(ClientStateEvKc(ev,kc_8)) && event(ProvisionedTargetEnv(ID,pubAK_12,pubTSK_12,dev_state)) ==> event(LeakedAK(pubAK_12)) || event(LeakedTSK(pubTSK_12)) || event(CompromisedCSP(pubISV_1)) || event(CompromisedCA(pubCA_1)) || event(UncheckedPolicies(pubOwner_1)) is false.
Associated restriction(s):
 - Restriction 
   not event(ClientAcceptsElement(cr_6,BadElement))
   not event(ClientAcceptsHash(cr_6,WeakHash))
 in process 1.
 - Restriction 
   not (event(ClientIdentityOption(opt)) && opt ≠ OptionA)
   not (event(EndorsementsIssued(UEID_6,pubAK_12)) && UEID_6 ≠ NULL_ID)
 in process 1.

--------------------------------------------------------------
